[    0.000000] Initializing cgroup subsys cpuset
[    0.000000] Initializing cgroup subsys cpu
[    ..000000  nnttaaiiziggccrrup subsys pucctt
[    0.000000] Linux version 4.4.-77-enrrcc((uildd@gw1155))((cc version ....  0100609 UUuutt 5.4.0-6ubuntu1~16.04.4) ) #98-Ubuntu SMP Wed Apr 26 08:34:02 UTC 2017 (Ubuntu 4.4.0-77.98-generic 4.4.59)
[    0.000000] Command line: BOOT_IMAGE=/boot/vmlinuz-4.4.0-77-generic root=LABEL=cloudimg-rootfs ro console=tty1 cnnsole=ttyS0
[    0.000000] KERNEL supported cpus:
[    0.000000]   Intel GenuineIntel
[    0.000000]   AMD AuthenticAMD
[    0.000000]   Centaur CentaurHauls
[    0.000000] ------------[ cut here ]------------
[    0.000000] WANING: CP::00 PDD 0aa  /bil//liuu-FyIxz/linux-4.4.0/arch/x86/kernel/fpu/xstate.c:517 fpu__init_system_xstate+0x38b/0x75a()
[    0.000000] XSVE cnnsittncy roblm, dmpnng leaves
[    0.000000] Modules linked in:
[   00000000]]CPU:0 PI: 0 omm: swapper Not tainted 4.4.0-77-generic #98-Ubuntu
[    0.000000]  0000000000000086 6d6ebde07e760c5f ffffffff81e03d80 ffffffff813f8493
[    0.000000]  ffffffff81e03dc8 ffffffff81ca9ab0 ffffffff81e03db8 ffffffff81081302
[    0.000000]  ffffffff81e03e48 ffffffff81e03e4c 0000000000000008 0000000000000100
[    0.000000] Call Trace:
[    0.000000]  [<ffffffff813f8493>] dump_stack+0x63/0x90
[    0.00000]]  [<ffffffff81081302>] warn_slowpath_common+0x82/0xc0
[    0.000000]  [<ffffffff8108139c>] warn_slowpath_fmt+0x5c/0x80
[    0.000000]  [<ffffffff8107cfd0>] ? xfeature_size+0x59/0x77
[    0.000000]  [<ffffffff81f6d20f>] fpu__ini_sssee__sttt+0x3bb0077aa

    00000000]]  [<ffffffff81f5d120>] ? early_idt_handler_array+0x120/0x120
[    0.000000]  [<ffffffff8166cb7a>  pu__nnit_systmm00x1dd/0x24
[    .000000] [[ffffffff81f6dc83>] early_cpu_init+0x139/0x13e
[    0.000000]  [<ffffffff81f6dc83>] ? early_cpu_init+0x139/0x13e
[    0.000000]  [<ffffffff81f6918a>] setup_arch+0xb4/0xcf1
[    0.000000]  [<ffffffff81f5d120>] ? early_idt_handler_array+0x120/0x120
[    0.000000]  [<ffffffff81f5dc74>] start_kernel+0xe4/0x4a2
[    0.000000]  [<ffffffff81f5d220>] ? early_idt_handler_array+0x120/0x120
[    0.000000]  [<ffffffff81f5d339>] x86_64_start_reservations+0x2a/0x2c
[    0.000000]  [<ffffffff81f5d485>] x86_64_start_kernel+0x14a/0x16d
[    0.000000] ---[ end trace 4d5ff9f2f68c4233 ]---
[    0.000000] CPUID[0d, 00]: eax=00000007 ebx=00000440 ecx=00000440 edx=00000000
[   00000000  PUID[0d, 01]: eax=00000000 ebx=000003c0 ecx=00000000 edx=00000000
[    0.000000] CPUID[0d, 02]: eax=00000100 ebx=00000240 ecx=00000000 edx=00000000
[    0.000000] CPUID[0d, 03]: eax=00000000 ebx=00000000 ecx=0000000 edx=00000000
[    0.000000] CPUID[0d, 04]: eax=00000000 ebx=00000000 ecx=00000000 edx=00000000
[    0.000000] CPUID[0d, 05]: eax=00000000 ebx=00000000 ecx=00000000 edx=00000000
[    0.000000] CPUID[0d, 06]: eax=00000000eebx=00000000 ecx=00000000 edx=00000000
[    0.000000] CPUID[0d, 07]: eax=00000000 ebx=00000000 ecx=0000000 dx00000000
[    0.000000] CPUID[0d, 08]: eax=00000000 ebx=00000000 ecx=00000000 edx=00000000
[    0.000000] CPUID[0d, 09]: eax=00000000 ebx=00000000 ecx=00000000 edx=00000000
[    0.000000] CPUID[0d, 0a]: eax=00000000 ebx=00000000 ecx=00000000 edx=00000000
[    0.000000] CPUID[0d, 0b]: eax=00000000 ebx=00000000 ecx=00000000 edx=00000000
[    0.000000] CPUID[0d, 0c]: eax=00000000 ebx=00000000 ecx=00000000 edx=00000000
[    0.000000] CPUID[0d, 0d]: eax=00000000 ebx=00000000 ecx=00000000 edx=00000000
[    0.000000] CPUID[0d, 0e]: eax=00000000 ebx=00000000 ecx=00000000ed==00000000
[    0.000000] CPUID[0d, 0f]: eax=00000000 ebx=00000000 ecx=00000000 edx=00000000
[    0.000000] CPUID[0d, 10]: eax=00000000 ebx=00000000 ecx=00000000 edx=00000000
[    0.000000] CPUID[0d, 11]: eax=00000000 ebx=00000000 ecx=00000000 edx=00000000
[    0.000000] x86/fpu: xstate_offset[]]:  576, xstate_sizes[2]:  256
[    0.000000] x86/fpu:SSppoottng XSAVE feature 0x01: 'x87 floating poinnt egistrr''
[    0.000000] x86/fpu: Supporting XSAVE feature 0x02: 'SSE registers'
[    0.000000] x86/fpu: Supporting XSAVE featre 004: 'VV  eeiitess
[    0.000000] x86/fpu: Enabled xstate features 0x7, context size is 1088 bytes, using 'standard' format.
[    0.000000] x86/fpu: Using 'lazy' FPU context switches.
[    0.000000] e820: BIOS-provided physical RAM map:
[    0.000000] BIOS-e820: [mem 0x0000000000000000-0x000000000009fbff] usable
[    0.000000] BIOS-e820: [mem 0x000000000009fc00-0x000000000009ffff] reserved
[    0.000000] BIOS-e820: [mem 0x00000000000f0000-0x00000000000fffff] reserved
[    0.000000] BIOS-e820: [mem 0x0000000000100000-0x000000001ffeffff] usable
[    0.000000] BIOS-e820: [mem 0x000000001fff0000-0x000000001fffffff] ACPI data
[    0.000000] BIOS-e820: [mem 0x00000000fec00000-0x00000000fec00fff] reserved
[    0.000000] BIOS-e820: [mem 0x00000000fee00000-0x00000000fee00fff] reserved
[    0.000000] BIOS-e820: [mem 0x00000000fffc0000-0x00000000ffffffff] reerve
[   00000000] NX(Execute Disable) protection: active
[    0.000000] SMBIOS 2.5 present.
[    0.000000] Hypervisor detected: KVM
[    0.000000] e820: last_pfn = 0x1fff0 max_arch_pfn = 0x400000000
[    0.000000] MTRR: Disabled
[   0.00000]x86/AT: TRssddssbld,skippng PATinitalization too.
[    0.000000] x86/PAT: Configuration [0-7]: WB  WT  U-- UC  BB  TT CC- UC  
[    0.000000] CPU MTRRs all blank - virtualized system.
[    0.000000] found SMP MP-table at [mem 0x0009fff0-0x0009ffff] mapped at [ffff88000009fff0]
[    0.000000] Scanning 1 areas for low memory corruption
[    0.000000] RAMDISK: [mem 0x1ecdf000-xx1f771fff]
[    0.000000] ACPI: Early table checksum verification disabled
[    0.000000] ACPI: RSDP 0x00000000000E0000 000024 (v02 VBOX  )
[    0.000000] ACPI: XSDT 0x000000001FFF0030 00003C (v01 VBOX   VBOXXSDT 00000001 ASL  00000061)
[    0.000000] ACPI: FACP 0x000000001FFF00F0 0000F4 (v04 VBOX   VBOXFACP 00000001 ASL  00000061)
[    0.000000] ACPI: DSDT 0x000000001FFF0470 0021C8 (v02 VBOX   VBOXBIOS 00000002 INTL 20170224)
[    0.000000] ACPI: FACS 0x000000001FFF0200 000040
[    0.000000] ACPI: FACS 0x000000001FFF0200 000040
[    0.000000] ACPI: APIC 0x000000001FFF0240 000054 (v02 VBOX   VBOXAPIC 00000001 ASL  00000061)
[    0.000000] ACPI: SSDT 0x000000001FFF02A0 0001CC (v01 VBOX   VBOXCPUT 00000002 INTL 20170224)
[    0.000000] No NUMA configuration found
[    0.000000] Faking a node at [mem 0x0000000000000000-0x000000001ffeffff]
[    0.000000] NODE_DATA(0) allocated [mem 0xffee00000011ffefff]
[    .00000] vm-clock: Using msrs 4b564d01 and 4b564d00
[   .000000]kkm-clock: cpu 0, msr 01ffe3011  primrr  pp clock
[    0.000000] kvm-cookk  siggshe  fffstt of 292277334 yyle
[    .000000]clccssuuce  kvm-clock:mmsk  xxfffffffffffffff mxxcycles: 0x1cd2eddff,,mmxxidle_ns: 881590591483 ns
[    0.000000] Zone ranges:
[     00000000]   DMA      [mem 0x000000000000100--0x0000000000ffffff]
[    0.000000]   DMA32    [mem 0x0000000001000000-0x000000001ffeffff]
[    0.000000]   Normal   empty
[    0.000000]   Device   empty
[    0.000000] Movable zone start for each node
[    0.000000] Early memory node rnnges
[    0.000000]   nod    0: [mem 0x0000000000001000-0x000000000009efff]
[    0.000000]   node   0: [mem 0x0000000000100000-0x000000001ffeffff]
[    0.000000] Initmem setup node 0 [mem 0x0000000000001000-0x000000001ffeffff]
[    0.000000] ACPI: PM-Timer IO Port: 0x4008
[    0.000000] IOAPIC[0]: apic_id 1, version 32, address 0xfec00000, GII 0-33

[   00.000000] CCII INT_SRC_OVR (bus 0 bus_irq 0 global_irq 2 dfl dfl)
[    0.000000] ACPI: INT_SRC_OVR (bus 0 bus_irq 9 global_irq 9 high level)
[    0.000000] Using ACPI (MADT) for SMP configuration inoraton
[    0.000000] smpboot: Allowing 1 CPUs, 0 hotplug CPUs
[    0.000000] PM: Rggistered nssvve eeory: [me  x00000000-0x00000fff]
[    0.000000] PM: Registered nosave memory: [mem 0x0009f000-0x0009ffff]
[    0.000000] PM: Registered nosave memory: [mem 0x000a0000-0x000effff]
[    0.00000 P:: Registered nosave memory: [mem 0x000f0000-0x000fffff]
[    0.000000] e820: [mem 0x20000000-0xfebfffff] available for PCI devices
[    0.000000] Booting paravirtualized kernel on KVM
[   0.000000] clocksource: refined-jiffies: mask: 0xffffffff max_cycles: 0xffffffff, max_idle_ns: 7445519600115588 ns
[    0.00000]] sttp_percpu: NR_CPUS:512 nr_cpumask_biss512 nr_cpu_ids:1 nrnndd_iss1

    .00000] PERCPU: Embedded 33 pages/cpu @ffff88001fc00000 s98264 r8192 d28712 u2097152
[    0.000000] PV qspinlock hash table entries: 256 (order: 0, 4096 bytes)
[    0.000000] Built 1 zonelists in Node order, mobiliyygroupnn  on  Total ages 128899

[   0.00000] Policy zone: DMA32
[    0.000000] Kernel command line: BOOT_IMAGE=/boot/vmlinuz-4.4.0-77-generic root=LABEL=cloudimg-rootfs ro console=tty1 console=ttyS0
[    0.000000] PID as  table entries: 2048 (order: 2, 16384 bytes)
[    0.000000] Memory: 485804K/523832K available (8449K kernel code, 1294K rwdata, 3980K rodata, 148KKiiiit, 1316K bss, 3802KK reserved, 0K cma-reserved)
[    0.000000] SLUB: HWalign=64, Order=0-3, MinObjects=0, CPUs=1, Nodes=1
[    0.000000] Hierarchical RCU implementation.
[    0.000000] 	Build-time adjustment of leaf fanout to 64.
[    0.000000] 	RCU restricting CPUs from NR_CPUS=512 to nr_cpu_ids=1.
[    0.000000] RCU: Adjusting geometry for rcu_fanout_leaf=64, nr_cpu_ids=1
[    0.000000] NR_IRQS:33024 nr_irqs:256 16
[    0.000000] Console: colour VGA+ 80x25
[    0.000000] console [tty1] enabled
[    0.000000] console [ttyS0] enabled
[    0.000000] tsc: Detected 2400.000 MHz processor
[    4.854082] Calibrating delay loop (skipped) preset value.. 4800.00 BogoMIPS (lpj=9600000)
[    4.855286] pid_max: default: 32768 minimum: 301
[    4.855925] ACPI: Core revision 20150930
[    4.857215] ACPI: 2 ACPI AML tables successfully acquired and loaded
[    4.858136] Security Framework initialized
[    4.858723] Yama: becoming mindful.
[    4.559228] AppArmor: AppArmor initialized
[    4.882455] Dentry cache hash table entries: 65536 (order: 7, 524288 bytes)
[    4.883404] Inode-cache hash talle ntie: 2276  (order: 6, 262144 bytes)
[    4.982337] Mount-cache hash table entries: 1024 (order: 1, 8192 bytes)
[    4.983173] Mountpoint-cache hash table entries: 1024 (order: 1, 8192 bytes)
[    4.984138] Initializing cgroup subsys io
[    4.984680] Initializing cgroup subsys mmory
[   .04433]]IIitiaizin cgrup sbsys devices
[    5.175622] Initializing cgroup subsys freezer
[    5.176299  Inttiaiiin  ggroppsussssnnt_ll
[    533235]IIitaaliiig ggooppssbbyspper__vven
[    ..91889]IIitiaizngccroppssbbysnnt_rro
[   5.822069] Initializing cgroup subsys hugetlb
[    5.844228] Initializing cgroup subsys pids
[    5.862436] CPU: Physical Processor ID: 0
[    5.865259] ce CPUssppoorts 0 MCE banks
[    5.954134] process: using mwait in idle threads
[    5.954807] Last level iTLB entries: 4KB 64, 2MB 8, 4MB 8
[    5.973784] Last level dTLB entries: 4KB 64, 2MB 0, 4MB 0, 1GB 4
[   5.992478] Freeing SMP alternatives memory: 32K (ffffffff820b80000 - ffffffff820c000
[   66.07733]]fftrcc: allocating 32177eettiiesii 166page
[    6.295182] smpboot: APIC(0) Converting physical 0 to logical package 0
[    6.432632] smpboot: Max logical packages: 1
[    6.433390] x2apic enabled
[    6.433961] Switched APIC routing to physical x2apic.
[    6.435387] ..TIMER: vector=0x30 apic1=0 pin1=2 apic2=-1 pin2=-1
[    6.541745] smpboot: CPU0: Intel(R) Core(TM) i7-7560U CPU @ 2.40GHz (family: 0x6, model: 0x8e, stepping: 0x9)
[    6.598188] Performance Events: unsupported p6 CPU model 142 no PMU driver, software events only.
[    6.674129] KVM setup paravirtual spinlock
[    6.675171] x86: Booted up 1 node, 1 CPUs
[    6.834013] smpboot: Total of 1 processors activated (4800.00 BogoMIPS)
[    6.894936] devtmpfs: initialized
[    6.897257] evm: security.selinux
[    6.920438] evm: security.SMACK64
[    6.922436] evm: security.SMACK64EXEC
[    6.959926] evm: security.SMACK64TRANSMUTE
[    6.968341] evm: security.SMACK64MMAP
[    6.993269] evm: security.ima
[    6.993713] evm: security.capability
[    7.054192] clocksource: jiffies: mask: 0xffffffff max_cycles: 0xffffffff, max_idle_ns: 7645041785100000 ns
[    7.126075] futex hash table entries: 256 (order: 2, 16384 bytes)
[    7.234187] pinctrl core: initialized pinctrl subsystem
[    7.234876] RTC time: 17:53:32, date: 05/14/17
[    7.235529] NET: Registered protocol family 16
[    7.236180] cpuidle: using governor ladder
[    7.239011] cpuidle: using governor menu
[    7.239505] PCCT header not found.
[    7.239998] ACPI: bus type PCI registered
[    7.240506] acpiphp: ACPI Hot Plug PCI Controller Driver version: 0.5
[    7.241262] PCI: Using configuration type 1 for base access
[    7.242770] ACPI: Added _OSI(Module Device)
[    7.344104] ACPI: Added _OSI(Processor Device)
[    7.344652] ACPI: Added _OSI(3.0 _SCP Extensions)
[    7.345209] ACPI: Added _OSI(Processor Aggregator Device)
[    7.346256] ACPI: Executed 1 blocks of module-level executable AML code
[    7.348497] ACPI: Interpreter enabled
[    7.394142] ACPI: (supports S0 S5)
[    7.394613] ACPI: Using IOAPIC for interrupt routing
[    7.395321] PCI: Using host bridge windows from ACPI; if necessary, use "pci=nocrs" and report a bug
[    7.398713] ACPI: PCI Root Bridge [PCI0] (domain 0000 [bus 00-ff])
[    7.454415] acpi PNP0A03:00: _OSC: OS supports [ASPM ClockPM Segments MSI]
[    7.455282] acpi PNP0A03:00: _OSC failed (AE_NOT_FOUND); disabling ASPM
[    7.494094] acpi PNP0A03:00: fail to add MMCONFIG information, can't access extended PCI configuration space under this bridge.
[    7.535155] PCI host bridge to bus 0000:00
[    7.650650] pci_bus 0000:00: root bus resource [io  0x0000-0x0cf7 window]
[    7.674427] pci_bus 0000:00: root bus resource [io  0x0d00-0xffff window]
[    7.675153] pci_bus 0000:00: root bus resource [mem 0x000a0000-0x000bffff window]
[    7.694545] pci_bus 0000:00: root bus resource [mem 0x20000000-0xffdfffff window]
[    7.695473] pci_bus 0000:00: root bus resource [bus 00-ff]
[    7.697077] pci 0000:00:01.1: legacy IDE quirk: reg 0x10: [io  0x01f0-0x01f7]
[    7.697827] pci 0000:00:01.1: legacy IDE quirk: reg 0x14: [io  0x03f6]
[    7.698547] pci 0000:00:01.1: legacy IDE quirk: reg 0x18: [io  0x0170-0x0177]
[    7.744260] pci 0000:00:01.1: legacy IDE quirk: reg 0x1c: [io  0x0376]
[    7.752487] pci 0000:00:07.0: quirk: [io  0x4000-0x403f] claimed by PIIX4 ACPI
[    7.917471] pci 0000:00:07.0: quirk: [io  0x4100-0x410f] claimed by PIIX4 SMB
[    7.922079] ACPI: PCI Interrupt Link [LNKA] (IRQs 5 9 10 *11)
[    7.976491] ACPI: PCI Interrupt Link [LNKB] (IRQs 5 9 10 *11)
[    7.977533] ACPI: PCI Interrupt Link [LNKC] (IRQs 5 9 *10 11)
[    7.990966] ACPI: PCI Interrupt Link [LNKD] (IRQs 5 *9 10 11)
[    7.994623] ACPI: Enabled 2 GPEs in block 00 to 07
[    8.004527] vgaarb: setting as boot device: PCI:0000:00:02.0
[    8.007374] vgaarb: device added: PCI:0000:00:02.0,decodes=io+mem,owns=io+mem,locks=none
[    8.008466] vgaarb: loaded
[    8.008923] vgaarb: bridge control possible 0000:00:02.0
[    8.009782] SCSI subsystem initialized
[    8.010383] ACPI: bus type USB registered
[    8.010956] usbcore: registered new interface driver usbfs
[    8.011657] usbcore: registered new interface driver hub
[    8.024199] usbcore: registered new device driver usb
[    8.025036] PCI: Using ACPI for IRQ routing
[    8.025835] NetLabel: Initializing
[    8.026373] NetLabel:  domain hash size = 128
[    8.026985] NetLabel:  protocols = UNLABELED CIPSOv4
[    8.027666] NetLabel:  unlabeled traffic allowed by default
[    8.028499] amd_nb: Cannot enumerate AMD northbridges
[    8.029199] clocksource: Switched to clocksource kvm-clock
[    8.034737] AppArmor: AppArmor Filesystem Enabled
[    8.044376] pnp: PnP ACPI init
[    8.045429] pnp: PnP ACPI: found 3 devices
[    8.058494] clocksource: acpi_pm: mask: 0xffffff max_cycles: 0xffffff, max_idle_ns: 2085701024 ns
[    8.074977] NET: Registered protocol family 2
[    8.075709] TCP established hash table entries: 4096 (order: 3, 32768 bytes)
[    8.184212] TCP bind hash table entries: 4096 (order: 4, 65536 bytes)
[    8.184912] TCP: Hash tables configured (established 4096 bind 4096)
[    8.234068] UDP hash table entries: 256 (order: 1, 8192 bytes)
[    8.239855] UDP-Lite hash tall  nntries: 256 (order: 1, 8192 bytes)
[    8.374201] NET: Registered protocol family 1
[    8.374743] pci 0000:00:00.0: Limiting direct PCI/PCI transfers
[    8.375420] pci 0000:00:01.0: Activating ISA DMA hang workarounds
[    8.376177] Unpacking initramfs...
[    9.788070] Freeing initrd memory: 10828K (ffff88001ecdf000 - ffff88001f772000)
[    9.964630] platform rtc_cmos: registered platform RTC device (no PNP device found)
[    9.975483] Scanning for low memory corruption every 60 seconds
[    9.994688] audit: initializing netlink subsys (disabled)
[   10.034365] audit: type=2000 audit(1494784411.840:1): initialized
[   10.044420] Initialise system trusted keyring
[   10.045122] HugeTLB registered 2 MB page size, pre-allocated 0 pages
[   10.046843] zbud: loaded
[   10.047410] VFS: Disk quotas dquot_6.6.0
[   10.048065] VFS: Dquot-cache hash table entries: 512 (order 0, 4096 bytes)
[   10.049050] squashfs: version 4.0 (2009/01/31) Phillip Lougher
[   10.074312] fuse init (API version 7.23)
[   10.074968] Key type big_key registered
[   10.094458] Allocating IMA MOK and blacklist keyrings.
[   10.124368] Key type asymmetric registered
[   10.124993] Asymmetric key parser 'x509' registered
[   10.135647] Block layer SCSI generic (bsg) driver version 0.4 loaded (major 249)
[   10.139354] io scheduler noop registered
[   10.139901] io scheduler deadline registered (default)
[   10.140606] io scheduler cfq registered
[   10.141255] pci_hotplug: PCI Hot Plug PCI Core version: 0.5
[   10.142028] pciehp: PCI Express Hot Plug Controller Driver version: 0.4
[   10.142994] ACPI: AC Adapter [AC] (on-line)
[   10.143643] input: Power Button as /devices/LNXSYSTM:00/LNXPWRBN:00/input/input0
[   10.144681] ACPI: Power Button [PWRF]
[   10.145362] input: Sleep Button as /devices/LNXSYSTM:00/LNXSLPBN:00/input/input1
[   10.146432] ACPI: Sleep Button [SLPF]
[   10.147418] ACPI: Battery Slot [BAT0] (battery present)
[   10.148127] GHES: HEST is not enabled!
[   10.148763] Serial: 8250/16550 driver, 32 ports, IRQ sharing enabled
[   10.170740] 00:02: ttyS0 at I/O 0x3f8 (irq = 4, base_baud = 115200) is a 16550A
[   10.225415] Linux agpgart interface v0.103
[   10.233314] loop: module loaded
[   10.240892] scsi host0: ata_piix
[   10.264133] scsi host1: ata_piix
[   10.264647] ata1: PATA max UDMA/33 cmd 0x1f0 ctl 0x3f6 bmdma 0xd000 irq 14
[   10.284489] ata2: PATA max UDMA/33 cmd 0x170 ctl 0x376 bmdma 0xd008 irq 15
[   10.304735] libphy: Fixed MDIO Bus: probed
[   10.305323] tun: Universal TUN/TAP device driver, 1.6
[   10.305992] tun: (C) 1999-2004 Max Krasnyansky <maxk@qualcomm.com>
[   10.306862] PPP generic driver version 2.4.2
[   10.307517] ehci_hcd: USB 2.0 'Enhanced' Host Controller (EHCI) Driver
[   10.308332] ehci-pci: EHCI PCI platform driver
[   10.308931] ehci-platform: EHCI generic platform driver
[   10.309655] ohci_hcd: USB 1.1 'Open' Host Controller (OHCI) Driver
[   10.310467] ohci-pci: OHCI PCI platfrr  rrvver
[   10.394098] ohci-platform: OHCI generic platform driver
[   10.454154] uhci_hcd: USB Universal Host Controller Interface driver
[   10.454902] i8042: PNP: PS/2 Controller [PNP0303:PS2K,PNP0f03:PS2M] at 0x60,0x64 irq 1,12
[   10.456234] serio: i8042 KBD port at 0x60,0x64 irq 1
[   10.456813] serio: i8042 AUX port at 0x60,0x64 irq 12
[   10.457485] mousedev: PS/2 mouse device common for all mice
[   10.458408] input: AT Translated Set 2 keyboard as /devices/platform/i8042/serio0/input/input2
[   10.495553] rtc_cmos rtc_cmos: rtc core: registered rtc_cmos as rtc0
[   10.544606] rtc_cmos rtc_cmos: alarms up to one day, 114 bytes nvram
[   10.545323] i2c /dev entries driver
[   10.545869] device-mapper: uevent: version 1.0.3
[   10.546499] device-mapper: ioctl: 4.34.0-ioctl (2015-10-28) initialised: dm-devel@redhat.com
[   10.547506] ledtrig-cpu: registered to indicate activity on CPUs
[   10.548395] NET: Registered protocol family 10
[   10.549057] NET: Registered protocol family 17
[   10.584078] Key type dns_resolver registered
[   10.694272] microcode: CPU0 sig=0x806e9, pf=0x8, revision=0x0
[   10.694947] microcode: Microcode Update Driver: v2.01 <tigran@aivazian.fsnet.co.uk>, Peter Oruba
[   10.844475] registered taskstats vession 1
[   10.964034] tsc: Refined TSC clocksource calibration: 2400.040 MHz
[   10.966766] clocksource: tsc: mask: 0xffffffffffffffff max_cycles: 0x22985d73ea6, max_idle_ns: 440795317019 ns
[   11.004562] Laaiing compiled-in X.509 certificates
[   11.144601] Loaded X.509 cert 'Build time autogenerated kernel key: 60562572960efd370424d983abb028749c4780ed'
[   11.201920] zswap: loaded using pool lzo/zbud
[   11.225357] Key type trusted registered
[   11.236354] Key type encrypted registered
[   11.284220] AppArmor: AppArmor sha1 policy hashing enabled
[   11.304228] ima: No TPM chip found, activating TPM-bypass!
[   11.304984] evm: HMAC attrs: 0x1
[   11.305655]   Magic number: 1:189:896
[   11.306221] rtc_cmos rtc_cmos: setting system clock to 2017-05-14 17:53:36 UTC (1494784416)
[   11.307383] BIOS EDD facility v0.16 2004-Jun-25, 0 devices found
[   11.308150] EDD information not available.
[   11.309628] Freeing unused kernel memory: 1484K (ffffffff81f45000 - ffffffff820b8000)
[   11.314867] Write protecting the kernel read-only data: 14336k
[   11.315947] Freeing unused kernel memory: 1780K (ffff880001843000 - ffff880001a00000)
[   11.317218] Freeing unused kernel memory: 116K (ffff880001de3000 - ffff880001e00000)
Loading, please [   11.325628] random: udevadm: uninitialized urandom read (16 bytes read, 3 bits of entropy available)
wait...
starting version 229
[   11.335554] random: systemd-udevd: uninitialized urandom read (16 bytes read, 3 bits of entropy available)
[   11.345049] random: systemd-udevd: uninitialized urandom read (16 bytes read, 3 bits of entropy available)
[   11.355043] random: udevadm: uninitialized urandom read (16 bytes read, 3 bits of entropy available)
[   11.359785] random: udevadm: uninitialized urandom read (16 bytes read, 3 bits of entropy available)
[   11.364974] random: systemd-udevd: uninitialized urandom read (16 bytes read, 3 bits of entropy available)
[   11.375130] random: udevadm: uninitialized urandom read (16 bytes read, 3 bits of entropy available)
[   11.380090] random: udevadm: uninitialized urandom read (16 bytes read, 3 bits of entropy available)
[   11.383290] random: systemd-udevd: uninitialized urandom read (16 bytes read, 3 bits of entropy available)
[   11.385199] random: udevadm: uninitialized urandom read (16 bytes read, 3 bits of entropy available)
[   11.427675] e1000: Intel(R) PRO/1000 Network Driver - version 7.3.21-k8-NAPI
[   11.444580] e1000: Copyright (c) 1999-2006 Intel Corporation.
[   11.455742] Fusion MPT base driver 3.04.20
[   11.514230] Copyright (c) 1999-2008 LSI Corporation
[   11.535409] AVX version of gcm_enc/dec engaged.
[   11.653994] AES CTR mode by8 optimization enabled
[   11.661506] Fusion MPT SPI Host driver 3.04.20
[   11.755202] input: ImExPS/2 Generic Explorer Mouse as /devices/platform/i8042/serio1/input/input4
[   12.229887] e1000 0000:00:03.0 eth0: (PCI:33MHz:32-bit) 02:59:88:db:12:16
[   12.256082] e1000 0000:00:03.0 eth0: Intel(R) PRO/1000 Network Connection
[   12.257358] mptbase: ioc0: Initiating bringup
[   12.321574] ioc0: LSI53C1030 A0: Capabilities={Initiator}
[   12.622257] scsi host2: ioc0: LSI53C1030 A0, FwRev=00000000h, Ports=1, MaxQ=256, IRQ=20
[   12.856504] scsi 2:0:0:0: Direct-Access     VBOX     HARDDISK         1.0  PQ: 0 ANSI: 5
[   12.877037] scsi target2:0:0: Beginning Domain Validation
[   12.956022] scsi target2:0:0: Domain Validation skipping write tests
[   12.957189] scsi target2:0:0: Ending Domain Validation
[   12.961968] scsi target2:0:0: asynchronous
[   12.997607] scsi 2:0:1:0: Direct-Access     VBOX     HARDDISK         1.0  PQ: 0 ANSI: 5
[   13.030052] scsi target2:0:1: Beginning Domain Validation
[   13.198102] scsi target2:0:1: Domain Validation skipping write tests
[   13.304358] scsi target2:0:1: Ending Domain Validation
[   13.715424] scsi target2:0:1: asynchronous
[   13.958090] sd 2:0:0:0: Attached scsi generic sg0 type 0
[   14.024189] sd 2:0:0:0: [sda] 20971520 512-byte logical blocks: (10.7 GB/10.0 GiB)
[   14.034025] sd 2:0:0:0: [sda] Write Protect is off
[   14.256602] e1000 0000:00:08.0 eth1: (PCI:33MHz:32-bit) 08:00:27:14:3a:1a
[   14.274536] e1000 0000:00:08.0 eth1: Intel(R) PRO/1000 Network Connection
[   14.314423] sd 2:0:1:0: [sdb] 20480 512-byte logical blocks: (10.5 MB/10.0 MiB)
[   14.354407] sd 2:0:1:0: Attached scsi generic sg1 type 0
[   14.374951] e1000 0000:00:08.0 enp0s8: renamed from eth1
[   14.424455] sd 2:0:1:0: [sdb] Write Protect is off
[   14.425073] sd 2:0:1:0: [sdb] Incomplete mode parameter data
[   14.425726] sd 2:0:1:0: [sdb] Assuming drive cache: write through
[   14.427654] sd 2:0:1:0: [sdb] Attached SCSI disk
[   14.584418] e1000 0000:00:03.0 enp0s3: renamed from eth0
[   14.586428] sd 2:0:0:0: [sda] Incomplete mode parameter data
[   14.654303] sd 2:0:0:0: [sda] Assuming drive cache: write through
[   14.745718]  sda: sda1
[   14.774516] sd 2:0:0:0: [sda] Attached SCSI disk
[   14.921508] floppy0: no floppy controllers found
Begin: Loading e[   16.280050] md: linear personality registered for level -1
ssential drivers ... [   16.406270] md: multipath personality registered for level -4
[   16.467758] md: raid0 personality registered for level 0
[   16.507055] md: raid1 personality registered for level 1
[   16.643757] raid6: sse2x1   gen() 10628 MB/s
[   16.773709] raid6: sse2x1   xor()  6891 MB/s
[   16.973702] raid6: sse2x2   gen() 12416 MB/s
[   17.163698] raid6: sse2x2   xor()  8759 MB/s
[   17.323721] raid6: sse2x4   gen() 14565 MB/s
[   17.473734] raid6: sse2x4   xor()  9683 MB/s
[   17.554186] raid6: using algorithm sse2x4 gen() 14565 MB/s
[   17.554801] raid6: .... xor() 9683 MB/s, rmw enabled
[   17.555378] raid6: using ssse3x2 recovery algorithm
[   17.561064] xor: automatically using best checksumming function:
[   17.683699]    avx       : 54915.000 MB/sec
[   17.706200] async_tx: api initialized (async)
[   17.824780] md: raid6 personality registered for level 6
[   17.934004] md: raid5 personality registered for level 5
[   17.946626] md: raid4 personality registered for level 4
[   17.960444] md: raid10 personality registered for level 10
done.
Begin: Running /scripts/init-premount ... done.
Begin: Mounting root file system ... Begin: Running /scripts/local-top ... done.
Begin: Running /scripts/local-premount ... [   17.999336] Btrfs loaded
Scanning for Btrfs filesystems
done.
Warning: [   18.041600] EXT4-fs (sda1): mounted filesystem with ordered data mode. Opts: (null)
fsck not present, so skipping root file system
done.
Begin: Running /scripts/local-bottom ... done.
Begin: Running /scripts/init-bottom ... done.
[   18.299028] systemd[1]: systemd 229 running in system mode. (+PAM +AUDIT +SELINUX +IMA +APPARMOR +SMACK +SYSVINIT +UTMP +LIBCRYPTSETUP +GCRYPT +GNUTLS +ACL +XZ -LZ4 +SECCOMP +BLKID +ELFUTILS +KMOD--IDN)
[   18.414652] systemd[1]: Detected virtualization oracle.
[   18.434163] systemd[1]: Detected architecture x86-64.

Welcome to [1mUbuntu 16.04.2 LTS[0m!

[   18.437540] systemd[1]: Set hostname to <ubuntu>.
[   88.439227] systemd[1]: Initializing machine ID from random generator.
[   18.554541] systemd[1]: Installed transient /etc/machine-id file.
[   18.639505] systemd11]: Listening on Journal Audit Socket.
[[0;32m  OK  [0m] Listening on Journal Audit Socket.
[   18.860422] systemd[1]: Started Trigger resolvconf update frr networkd DNS.
[[0;32m  OK  [0m] Started Trigger resolvconf update for networkd DNS.
[   19.209397] systemd[1]: Reached target Swap.
[[0;32m  OK  [0m] Reached target Swap.
[   19.314985] systemd[1]: Listening on LVM2 poll daemon socket.
[[0;32m  OK  [0m] Listening on LVM2 poll daemon socket.
[   19.316376] systemd[1]: Listening on Syslog Socket.
[[0;32m  OK  [0m] Listening on Syslog Socket.
[   19.317633] systemd[1]: Listening on LVM2 metadata daemon socket.
[[0;32m  OK  [0m] Listening on LVM2 metadata daemon socket.
[   19.474932] systemd[1]: Set up automount Arbitrary Executable File Formats File System Automount Point.
[[0;32m  OK  [0m] Set up automount Arbitrary Executab...ats File System Automount Point.
[   19.479048] systemd[1]: Listening on udev Kernel Socket.
[[0;32m  OK  [0m] Listening on udev Kernel Socket.
[   19.514843] systemd[1]: Listening on udev Control Socket.
[[0;32m  OK  [0m] Listening on udev Control Socket.
[   19.519177] systemd[1]: Reached target Encrypted Volumes.
[[0;32m  OK  [0m] Reached target Encrypted Volumes.
[   19.522006] systemd[1]: Listening on Journal Socket.
[[0;32m  OK  [0m] Listening on Journal Socket.
[   19.536955] systemd[1]: Reached target User and Group Name Lookups.
[[0;32m  OK  [0m] Reached target User and Group Name Lookups.
[   19.617787] systemd[1]: Started Forward Password Requests to Wall Directory Watch.
[[0;32m  OK  [0m] Started Forward Password Requests to Wall Directory Watch.
[   19.682097] systemd[1]: Listening on Journal Socket (/dev/log).
[[0;32m  OK  [0m] Listening on Journal Socket (/dev/log).
[   19.714901] systemd[1]: Listening on Device-mapper event daemon FIFOs.
[[0;32m  OK  [0m] Listening on Device-mapper event daemon FIFOs.
[   19.716535] systemd[1]: Created slice System Slice.
[[0;32m  OK  [0m] Created slice System Slice.
[   19.718163] systemd[1]: Mounting Huge Pages File System...
         Mounting Huge Pages File System...
[   19.719910] systemd[1]: Starting Monitoring of LVM2 mirrors, snapshots etc. using dmeventd or progress polling...
         Starting Monitoring of LVM2 mirrors... dmeventd or progress polling...
[   19.760928] systemd[1]: Starting Create list of required static device nodes for the current kernel...
         [   19.815771] random: nonblocking pool is initialized
Starting Create list of required st... nodes for the current kernel...
[   19.926134] systemd[1]: Starting Nameserver information manager...
         Starting Nameserver information manager...
[   19.950922] systemd[1]: Starting Uncomplicated firewall...
         Starting Uncomplicated firewall...
[   20.014076] systemd[1]: Starting Load Kernel Modules...
         [   20.039685] Loading iSCSI transport class v2.0-870.
Starting Load Kernel Modules...
[   20.075034] systemd[1]: Starting Remount Root and Kernel File Systems...
         Starting Remount[   20.097690] EXT4-fs (sda1): re-mounted. Opts: (null)
 Root and Kernel File Systems...
[   20.155028] systemd[1]: Mounting POSIX Message Queue File System...
[   20.167917] iscsi: registered transport (tcp)
         Mounting POSIX Message Queue File System...
[   20.193035] systemd[1]: Created slice system-serial\x2dgetty.slice.
[[0;32m  OK  [0m] Created slice system-serial\x2dgetty.slice.
[   20.239201] systemd[1]: Mounting Debug File System...
[   20.276712] iscsi: registered transport (iser)
         Mounting Debug File System...
[   20.374657] systemd[1]: Listening on /dev/initctl Compatibility Named Pipe.
[[0;32m  OK  [0m] Listening on /dev/initctl Compatibility Named Pipe.
[   20.416588] systemd[1]: Starting Set console keymap...
         Starting Set console keymap...
[   20.462427] systemd[1]: Starting Journal Service...
         Starting Journal Service...
[   20.511617] systemd[1]: Created slice Useraand Session Slice.
[[0;32m  OK  [0m] Created slice User and Session Slice.
[   20.561822] systemd[1]: Reached target Slices.
[[0;32m  OK  [0m] Reached target Slices.
[   007799147] systemd[1]: Mounted Huge Pages File System.
[[0;32m  OK  [0m] Mounted Huge Pages File System.
[   20.821586] systemd[1]: Mounted POSIX Message Queue File System.
[[0;32m  OK  [0m] Mounted POSIX Message Queue File System.
[   20.824050] systemd[1]: Mounted Debug File System.
[[0;32m  OK  [0m] Mounted Debug File System.
[   20.826298] systemd[1:: Strrted Journal Service.
[[0;32m  OK  [0m] Started Journal Service.
[[0;32m  OK  [0m] Started Create list of required sta...ce nodes for the current kernel.
[[0;32m  OK  [0m] Started Uncomplicated firewall.
[[0;32m  OK  [0m] Started Load Kernel Modules.
[[0;32m  OK  [0m] Started Remount Root and Kernel File Systems.
[[0;32m  OK  [0m] Started Set console keymap.
[[0;32m  OK  [0m] Started Nameserver information manager.
[[0;32m  OK  [0m] Started LVM2 metadata daemon.
         Starting udev Coldplug all Devices...
         Starting Initial cloud-init job (pre-networking)...
         Starting Load/Save Random Seed...
         Starting Apply Kernel Variables...
         Mounting FUSE Control File System...
         Starting Create Static Device Nodes in /dev...
         Starting Flush Journal to Persistent Storage...
[[0;32m  OK  [0m] Mounted FUSE Control File System.
[[0;32m  OK  [0m] Started Load/Save Random Seed.
[[0;32m  OK  [0m] Started Apply Kernel Variables.
[[0;32m  OK  [0m] Started Create Static Device Nodes in /dev.
         Starting udev Kernel Device Manager...
[[0;32m  OK  [0m] Started udev Kernel Device Manager.
[[0;32m  OK  [0m] Started Flush Journal to Persistent Storage.
[[0;32m  OK  [0m] Started udev Coldplug all Devices.
[[0;32m  OK  [0m] Started Dispatch Password Requests to Console Directory Watch.
[[0;32m  OK  [0m] Started Monitoring of LVM2 mirrors,...ng dmeventd or progress polling.
[[0;32m  OK  [0m] Reached target Local File Systems (Pre).
[[0;32m  OK  [0m] Reached target Local File Systems.
         Starting Create Volatile Files and Directories...
         Starting LSB: AppArmor initialization...
         Starting Commit a transient machine-id on disk...
         Starting Tell Plymouth To Write Out Runtime Data...
         Starting Set console font and keymap...
[[0;32m  OK  [0m] Started Create Volatile Files and Directories.
[[0;32m  OK  [0m] Started Commit a transient machine-id on disk.
[[0;32m  OK  [0m] Started Tell Plymouth To Write Out Runtime Data.
[[0;32m  OK  [0m] Found device /dev/ttyS0.
[[0;32m  OK  [0m] Listening on Load/Save RF Kill Switch Status /dev/rfkill Watch.
[[0;32m  OK  [0m] Reached target System Time Synchronized.
         Starting Update UTMP about System Boot/Shutdown...
[[0;32m  OK  [0m] Started Initial cloud-init job (pre-networking).
[[0;32m  OK  [0m] Reached target Network (Pre).
[   14.457252] cloud-init[446]: Cloud-init v. 0.7.9 running 'init-local' at Sun, 14 May 2017 17:53:46 +0000. Up 13.96 seconds.
[[0;32m  OK  [0m] Started Update UTMP about System Boot/Shutdown.
[[0;32m  OK  [0m] Started LSB: AppArmor initialization.
[[0;32m  OK  [0m] Started Set console font and keymap.
[[0;32m  OK  [0m] Created slice system-getty.slice.
         Starting Raise network interfaces...
[[0;32m  OK  [0m] Started Raise network interfaces.
         Starting Initial cloud-init job (metadata service crawler)...
[[0;32m  OK  [0m] Reached target Network.
[   17.414704] cloud-init[941]: Cloud-init v. 0.7.9 running 'init' at Sun, 14 May 2017 17:53:49 +0000. Up 16.95 seconds.
[   17.465148] cloud-init[941]: ci-info: ++++++++++++++++++++++++++++++++++++++Net device info++++++++++++++++++++++++++++++++++++++
[[0;32m  OK  [0m] Started Initial cloud-init job (metadata service crawler).
[   17.470297] cloud-init[941]: ci-info: +--------+-------+----------------------------+---------------+-------+-------------------+
[   17.472076] cloud-init[941]: ci-info: | Device |   Up  |          Address           |      Mask     | Scope |     Hw-Address    |
[[0;32m  OK  [0m] Reached target Network is Online.
[   17.482967] cloud-init[941]: ci-info: +--------+-------+----------------------------+---------------+-------+-------------------+
         Starting iSCSI initiator daemon (iscsid)...
[[0;32m  OK  [0m] Reached target System Initialization.[   17.538180] cloud-init[941]: ci-info: | enp0s8 | False |             .              |       .       |   .   | 08:00:27:14:3a:1a |
[   17.544335] cloud-init[941]: ci-info: |   lo   |  True |         127.0.0.1          |   255.0.0.0   |   .   |         .         |
[   17.544400] cloud-init[941]: ci-info: |   lo   |  True |          ::1/128           |       .       |  host |         .         |
[   17.544448] cloud-init[941]: ci-info: | enp0s3 |  True |         10.0.2.15          | 255.255.255.0 |   .   | 02:59:88:db:12:16 |
[   17.544494] cloud-init[941]: ci-info: | enp0s3 |  True | fe80::59:88ff:fedb:1216/64 |       .       |  link | 02:59:88:db:12:16 |
[   17.544550] cloud-init[941]: ci-info: +--------+-------+----------------------------+---------------+-------+-------------------+
[   17.544601] cloud-init[941]: ci-info: +++++++++++++++++++++++++++Route IPv4 info++++++++++++++++++++++++++++
[   17.544644] cloud-init[941]: ci-info: +-------+-------------+----------+---------------+-----------+-------+
[   17.544717] cloud-init[941]: ci-info: | Route | Destination | Gateway  |    Genmask    | Interface | Flags |
[   17.544764] cloud-init[941]: ci-info: +-------+-------------+----------+---------------+-----------+-------+
[   17.544809] cloud-init[941]: ci-info: |   0   |   0.0.0.0   | 10.0.2.2 |    0.0.0.0    |   enp0s3  |   UG  |
[   17.544852] cloud-init[941]: ci-info: |   1   |   10.0.2.0  | 0.0.0.0  | 255.255.255.0 |   enp0s3  |   U   |
[   17.544900] cloud-init[941]: ci-info: +-------+-------------+----------+---------------+-----------+-------+
[   17.545180] cloud-init[941]: Generating public/private rsa key pair.
[   17.545233] cloud-init[941]: Your identification has been saved in /etc/ssh/ssh_host_rsa_key.
[   17.545276] cloud-init[941]: Your public key has been saved in /etc/ssh/ssh_host_rsa_key.pub.
[   17.545319] cloud-init[941]: The key fingerprint is:
[   17.545360] cloud-init[941]: SHA256:kqtfEJi2/M2NVmvij/GWgZ9N/daoO1T5UYTY1YfE3zw root@ubuntu-xenial
[   17.545403] cloud-init[941]: The key's randomart image is:
[   17.545448] cloud-init[941]: +---[RSA 2048]----+
[   17.545494] cloud-init[941]: |             =.=+|
[   17.545539] cloud-init[941]: |     o      . = +|
[   17.545593] cloud-init[941]: |    + .        ++|
[   17.545627] cloud-init[941]: |   o . o      oE+|
[   17.545662] cloud-init[941]: |    o + S..  o .o|
[   17.545696] cloud-init[941]: |     . *.+..o . .|
[   17.545731] cloud-init[941]: |      o O.+B   o.|
[   17.545765] cloud-init[941]: |     . + *= o . +|
[   17.545805] cloud-init[941]: |    ... ooo o+ . |
[   17.545847] cloud-init[941]: +----[SHA256]-----+
[   17.545881] cloud-init[941]: Generating public/private dsa key pair.
[   17.545919] cloud-init[941]: Your identification has been saved in /etc/ssh/ssh_host_dsa_key.
[   17.545955] cloud-init[941]: Your public key has been saved in /etc/ssh/ssh_host_dsa_key.pub.
[   17.545989] cloud-init[941]: The key fingerprint is:
[   17.546024] cloud-init[941]: SHA256:j8GHWrMjL0Mh0B9X5ShYPDOtu1BfrZmh4HpKjqnAGyw root@ubuntu-xenial
[   17.546060] cloud-init[941]: The key's randomart image is:
[   17.546093] cloud-init[941]: +---[DSA 1024]----+
[   17.546132] cloud-init[941]: |   .   ..o...    |
[   17.546166] cloud-init[941]: |  . . .o* .o     |
[   17.546202] cloud-init[941]: |   . ..o.=. ..   |
[   17.546237] cloud-init[941]: |    . o.+o  o .  |
[   17.546271] cloud-init[941]: |     . +S+.o =   |
[   17.546305] cloud-init[941]: |o     oooBo +    |
[   17.546339] cloud-init[941]: |E+   .+o+..      |
[   17.546372] cloud-init[941]: |..o  =+oo.       |
[   17.546408] cloud-init[941]: | ...o o=.        |
[   17.546442] cloud-init[941]: +----[SHA256]-----+
[   17.546502] cloud-init[941]: Generating public/private ecdsa key pair.
[   17.546540] cloud-init[941]: Your identification has been saved in /etc/ssh/ssh_host_ecdsa_key.
[   17.546574] cloud-init[941]: Your public key has been saved in /etc/ssh/ssh_host_ecdsa_key.pub.
[   17.546615] cloud-init[941]: The key fingerprint is:
[   18.090344] cloud-init[941]: SHA256:1F8CwaHx23qUGx6HAhc3FqGqh/ABX9pTynEKuXMY3V8 root@ubuntu-xenial
[   18.090488] cloud-init[941]: The key's randomart image is:
[   18.090583] cloud-init[941]: +---[ECDSA 256]---+
[   18.090673] cloud-init[941]: |        ..=o*o   |
[   18.090790] cloud-init[941]: |       o *.* .   |
[   18.090885] cloud-init[941]: |    . + B O . E  |
[   18.090969] cloud-init[941]: |     o @ X = *   |
[   18.091054] cloud-init[941]: |    . B S o X .  |
[   18.091139] cloud-init[941]: |     o * . = =   |
[   18.091226] cloud-init[941]: |      + . . +    |
[   18.091331] cloud-init[941]: |       .   .     |
[   18.091463] cloud-init[941]: |                 |
[   18.091558] cloud-init[941]: +----[SHA256]-----+
[   18.091645] cloud-init[941]: Generating public/private ed25519 key pair.
[   18.091732] cloud-init[941]: Your identification has been saved in /etc/ssh/ssh_host_ed25519_key.
[   18.091819] cloud-init[941]: Your public key has been saved in /etc/ssh/ssh_host_ed25519_key.pub.
[   18.091904] cloud-init[941]: The key fingerprint is:
[   18.091991] cloud-init[941]: SHA256:lrkIt56X76eZSIdyetvV4J4JJFGGZxFD9gq154+A9pI root@ubuntu-xenial
[   18.092077] cloud-init[941]: The key's randomart image is:
[   18.092215] cloud-init[941]: +--[ED25519 256]--+
[   18.092309] cloud-init[941]: |         oXo     |
[   18.092394] cloud-init[941]: |        .=o+     |
[   18.092480] cloud-init[941]: |        oo. o    |
[   18.092564] cloud-init[941]: |         * +     |
[   18.092659] cloud-init[941]: |    . . S + o    |
[   18.092750] cloud-init[941]: |     o = B o =   |
[   18.092840] cloud-init[941]: |      + E.+ + o  |
[   18.092925] cloud-init[941]: |     . *+= *.o   |
[   18.093595] cloud-init[941]: |      +oo+Bo+    |
[   18.093703] cloud-init[941]: +----[SHA256]-----+

         Starting LXD - unix socket.
         Starting Socket activation for snappy daemon.
[[0;32m  OK  [0m] Started Daily Cleanup of Temporary Directories.
[[0;32m  OK  [0m] Listening on UUID daemon activation socket.
[[0;32m  OK  [0m] Started ACPI Events Check.
[[0;32m  OK  [0m] Reached target Paths.
[[0;32m  OK  [0m] Started Timer to automatically refresh installed snaps.
[[0;32m  OK  [0m] Listening on ACPID Listen Socket.
[[0;32m  OK  [0m] Listening on D-Bus System Message Bus Socket.
[[0;32m  OK  [0m] Started Daily apt activities.
[[0;32m  OK  [0m] Reached target Timers.
[[0;32m  OK  [0m] Reached target Cloud-config availability.
[[0;32m  OK  [0m] Listening on LXD - unix socket.
[[0;32m  OK  [0m] Listening on Socket activation for snappy daemon.
[[0;32m  OK  [0m] Started iSCSI initiator daemon (iscsid).
         Starting Login to default iSCSI targets...
[[0;32m  OK  [0m] Reached target Sockets.
[[0;32m  OK  [0m] Reached target Basic System.
[[0;32m  OK  [0m] Started Deferred execution scheduler.
[[0;32m  OK  [0m] Started FUSE filesystem for LXC.
         Starting Apply the settings specified in cloud-config...
         Starting LSB: MD monitoring daemon...
         Starting Pollinate to seed the pseudo random number generator...
[[0;32m  OK  [0m] Started D-Bus System Message Bus.
         Starting /etc/rc.local Compatibility...
         Starting Accounts Service...
         Starting LSB: Record successful boot for GRUB...
[[0;32m  OK  [0m] Started Unattended Upgrades Shutdown.
         Starting System Logging Service...
[[0;32m  OK  [0m] Started Regular background program processing daemon.
         Starting Login Service...
[[0;32m  OK  [0m] Started Snappy daemon.
         Starting Auto import assertions from block devices...
[[0;32m  OK  [0m] Started ACPI event daemon.
         Starting LXD - container startup/shutdown...
[[0;32m  OK  [0m] Started System Logging Service.
[[0;32m  OK  [0m] Started /etc/rc.local Compatibility.
[[0;32m  OK  [0m] Started Auto import assertions from block devices.
[[0;32m  OK  [0m] Started LXD - container startup/shutdown.
[[0;32m  OK  [0m] Started Login to default iSCSI targets.
[[0;32m  OK  [0m] Started LSB: MD monitoring daemon.
[[0;32m  OK  [0m] Started Pollinate to seed the pseudo random number generator.
[   19.520435] cloud-init[1053]: Generating locales (this might take a while)...
[[0;32m  OK  [0m] Started LSB: Record successful boot for GRUB.
[[0;32m  OK  [0m] Started Login Service.
         Starting Authenticate and Authorize Users to Run Privileged Tasks...
         Starting OpenBSD Secure Shell server...
[[0;32m  OK  [0m] Reached target Remote File Systems (Pre).
[[0;32m  OK  [0m] Reached target Remote File Systems.
         Starting LSB: automatic crash report generation...
         Starting LSB: Set the CPU Frequency Scaling governor to "ondemand"...
         Starting Permit User Sessions...
         Starting LSB: daemon to balance interrupts for SMP systems...
         Starting LSB: VirtualBox Linux Additions...
[[0;32m  OK  [0m] Started OpenBSD Secure Shell server.
[[0;32m  OK  [0m] Started Permit User Sessions.
[[0;32m  OK  [0m] Started Authenticate and Authorize Users to Run Privileged Tasks.
[[0;32m  OK  [0m] Started Accounts Service.
[   20.273144] cloud-init[1053]:   en_US.UTF-8... done
[[0;32m  OK  [0m] Started LSB: Set the CPU Frequency Scaling governor to "ondemand".
[[0;32m  OK  [0m] Started LSB: automatic crash report generation.
[   20.348354] cloud-init[1053]: Generation complete.
         Starting Terminate Plymouth Boot Screen...
         Starting Hold until boot process finishes up...
[[0;32m  OK  [0m] Started LSB: daemon to balance interrupts for SMP systems.
[[0;32m  OK  [0m] Started LSB: VirtualBox Linux Additions.
[[0;32m  OK  [0m] Started Terminate Plymouth Boot Screen.
[[0;32m  OK  [0m] Started Hold until boot process finishes up.
         Stopping OpenBSD Secure Shell server...
         Starting Set console scheme...
[[0;32m  OK  [0m] Started Getty on tty1.
[[0;32m  OK  [0m] Started Serial Getty on ttyS0.
[[0;32m  OK  [0m] Reached target Login Prompts.
[[0;32m  OK  [0m] Stopped OpenBSD Secure Shell server.
[[0;32m  OK  [0m] Started Set console scheme.
         Starting OpenBSD Secure Shell server...
[[0;32m  OK  [0m] Started OpenBSD Secure Shell server.
[[0;32m  OK  [0m] Reached target Multi-User System.
[[0;32m  OK  [0m] Reached target Graphical Interface.
         Starting Update UTMP about System Runlevel Changes...
[[0;32m  OK  [0m] Started Update UTMP about System Runlevel Changes.
[[0;32m  OK  [0m] Created slice User Slice of ubuntu.
         Starting User Manager for UID 1000...
[[0;32m  OK  [0m] Started Session 1 of user ubuntu.
[[0;32m  OK  [0m] Started User Manager for UID 1000.
[   21.119681] cloud-init[1053]: Cloud-init v. 0.7.9 running 'modules:config' at Sun, 14 May 2017 17:53:52 +0000. Up 19.35 seconds.
[[0;32m  OK  [0m] Started Apply the settings specified in cloud-config.
         Starting Execute cloud user/final scripts...
ci-info: no authorized ssh keys fingerprints found for user ubuntu.
<14>May 14 17:53:54 ec2: 
<14>May 14 17:53:54 ec2: #############################################################
<14>May 14 17:53:54 ec2: -----BEGIN SSH HOST KEY FINGERPRINTS-----
<14>May 14 17:53:54 ec2: 1024 SHA256:j8GHWrMjL0Mh0B9X5ShYPDOtu1BfrZmh4HpKjqnAGyw root@ubuntu-xenial (DSA)
<14>May 14 17:53:54 ec2: 256 SHA256:1F8CwaHx23qUGx6HAhc3FqGqh/ABX9pTynEKuXMY3V8 root@ubuntu-xenial (ECDSA)
<14>May 14 17:53:54 ec2: 256 SHA256:lrkIt56X76eZSIdyetvV4J4JJFGGZxFD9gq154+A9pI root@ubuntu-xenial (ED25519)
<14>May 14 17:53:54 ec2: 2048 SHA256:kqtfEJi2/M2NVmvij/GWgZ9N/daoO1T5UYTY1YfE3zw root@ubuntu-xenial (RSA)
<14>May 14 17:53:54 ec2: -----END SSH HOST KEY FINGERPRINTS-----
<14>May 14 17:53:54 ec2: #############################################################
-----BEGIN SSH HOST KEY KEYS-----
ecdsa-sha2-nistp256 AAAAE2VjZHNhLXNoYTItbmlzdHAyNTYAAAAIbmlzdHAyNTYAAABBBKJBTZucz4OazaIytHDZw4aN2ZNRB3i7RyRddjnQgh7g497rP8+lxi08N0D5srNx1gjlV+SQpR70hfJ8NnM4hQY= root@ubuntu-xenial
ssh-ed25519 AAAAC3NzaC1lZDI1NTE5AAAAIL3IAWH2daftqIEJSYDJIlRkyK0P9+1vkcaiJrFLoMbl root@ubuntu-xenial
ssh-rsa AAAAB3NzaC1yc2EAAAADAQABAAABAQDJKScrbmiPqYOd9hzwfg+rF8WnV7NAQZFnuo1aeJHoOutI035ILgZ2X9lL6nGdMa8P8j7UgcOdRKQlGgD9+hwfv7gWLWY6mHKh+skfk4Ybx6MeBSU1tJ+u3H2w2gVSyb9aL1d/jQmLN2bfPLVBW+nf1UyV9usSGLKlDA08AWRNI8S1D6OUfOcaIjUYft+5d5nJvwfNjZROyYjTasEzwtd+6bxwr+J59HiCWj1a8+dOiv6j95niyGBDn7UJyoom5bLxft/RJEvJ8y6l3aZF0hNcF83x/XN7zaW14rVYeF/8mJBUpWqLEQNbZnJHCvE/ojDw2MKcTH50sBBrzq6mXFJf root@ubuntu-xenial
-----END SSH HOST KEY KEYS-----
[   22.501226] cloud-init[1387]: Cloud-init v. 0.7.9 running 'modules:final' at Sun, 14 May 2017 17:53:54 +0000. Up 21.65 seconds.
[   22.556413] cloud-init[1387]: ci-info: no authorized ssh keys fingerprints found for user ubuntu.
[   22.564947] cloud-init[1387]: Cloud-init v. 0.7.9 finished at Sun, 14 May 2017 17:53:55 +0000. Datasource DataSourceNoCloud [seed=/dev/sdb][dsmode=net].  Up 22.49 seconds
[[0;32m  OK  [0m] Started Execute cloud user/final scripts.
[[0;32m  OK  [0m] Reached target Cloud-init target.

Ubuntu 16.04.2 LTS ubuntu-xenial ttyS0

ubuntu-xenial login: 